../../Middlewares/ST/touchgfx/framework/include/touchgfx/Screen.hpp:104:18:virtual void touchgfx::Screen::afterTransition()	0	static
../../Middlewares/ST/touchgfx/framework/include/touchgfx/Screen.hpp:144:18:virtual void touchgfx::Screen::handleTickEvent()	0	static
../../Middlewares/ST/touchgfx/framework/include/touchgfx/Screen.hpp:154:18:virtual void touchgfx::Screen::handleKeyEvent(uint8_t)	0	static
C:/TouchGFXProjects/LEDOnOffBlink/TouchGFX/gui/src/screen1_screen/Screen1View.cpp:14:6:virtual void Screen1View::tearDownScreen()	0	static
C:/TouchGFXProjects/LEDOnOffBlink/TouchGFX/gui/src/screen1_screen/Screen1View.cpp:30:6:virtual void Screen1View::LED_Blink()	0	static
C:/TouchGFXProjects/LEDOnOffBlink/TouchGFX/gui/src/screen1_screen/Screen1View.cpp:19:6:virtual void Screen1View::LED_On()	8	static
C:/TouchGFXProjects/LEDOnOffBlink/TouchGFX/gui/src/screen1_screen/Screen1View.cpp:25:6:virtual void Screen1View::LED_Off()	8	static
../../TouchGFX/gui/include/gui/screen1_screen/Screen1View.hpp:11:13:Screen1View::~Screen1View()	8	static
../../TouchGFX/gui/include/gui/screen1_screen/Screen1View.hpp:11:13:virtual Screen1View::~Screen1View()	8	static
C:/TouchGFXProjects/LEDOnOffBlink/TouchGFX/gui/src/screen1_screen/Screen1View.cpp:4:1:Screen1View::Screen1View()	8	static
C:/TouchGFXProjects/LEDOnOffBlink/TouchGFX/gui/src/screen1_screen/Screen1View.cpp:9:6:virtual void Screen1View::setupScreen()	0	static
