Archive member included to satisfy reference by file (symbol)

c:/st/stm32cubeide_1.12.1/stm32cubeide/plugins/com.st.stm32cube.ide.mcu.externaltools.gnu-tools-for-stm32.10.3-2021.10.win32_1.0.200.202301161003/tools/bin/../lib/gcc/arm-none-eabi/10.3.1/../../../../arm-none-eabi/lib/thumb/v6-m/nofp\libc_nano.a(lib_a-errno.o)
                              ./Core/Src/syscalls.o (__errno)
c:/st/stm32cubeide_1.12.1/stm32cubeide/plugins/com.st.stm32cube.ide.mcu.externaltools.gnu-tools-for-stm32.10.3-2021.10.win32_1.0.200.202301161003/tools/bin/../lib/gcc/arm-none-eabi/10.3.1/../../../../arm-none-eabi/lib/thumb/v6-m/nofp\libc_nano.a(lib_a-exit.o)
                              c:/st/stm32cubeide_1.12.1/stm32cubeide/plugins/com.st.stm32cube.ide.mcu.externaltools.gnu-tools-for-stm32.10.3-2021.10.win32_1.0.200.202301161003/tools/bin/../lib/gcc/arm-none-eabi/10.3.1/../../../../arm-none-eabi/lib/thumb/v6-m/nofp/crt0.o (exit)
c:/st/stm32cubeide_1.12.1/stm32cubeide/plugins/com.st.stm32cube.ide.mcu.externaltools.gnu-tools-for-stm32.10.3-2021.10.win32_1.0.200.202301161003/tools/bin/../lib/gcc/arm-none-eabi/10.3.1/../../../../arm-none-eabi/lib/thumb/v6-m/nofp\libc_nano.a(lib_a-impure.o)
                              c:/st/stm32cubeide_1.12.1/stm32cubeide/plugins/com.st.stm32cube.ide.mcu.externaltools.gnu-tools-for-stm32.10.3-2021.10.win32_1.0.200.202301161003/tools/bin/../lib/gcc/arm-none-eabi/10.3.1/../../../../arm-none-eabi/lib/thumb/v6-m/nofp\libc_nano.a(lib_a-exit.o) (_global_impure_ptr)
c:/st/stm32cubeide_1.12.1/stm32cubeide/plugins/com.st.stm32cube.ide.mcu.externaltools.gnu-tools-for-stm32.10.3-2021.10.win32_1.0.200.202301161003/tools/bin/../lib/gcc/arm-none-eabi/10.3.1/../../../../arm-none-eabi/lib/thumb/v6-m/nofp\libc_nano.a(lib_a-init.o)
                              c:/st/stm32cubeide_1.12.1/stm32cubeide/plugins/com.st.stm32cube.ide.mcu.externaltools.gnu-tools-for-stm32.10.3-2021.10.win32_1.0.200.202301161003/tools/bin/../lib/gcc/arm-none-eabi/10.3.1/../../../../arm-none-eabi/lib/thumb/v6-m/nofp/crt0.o (__libc_init_array)
c:/st/stm32cubeide_1.12.1/stm32cubeide/plugins/com.st.stm32cube.ide.mcu.externaltools.gnu-tools-for-stm32.10.3-2021.10.win32_1.0.200.202301161003/tools/bin/../lib/gcc/arm-none-eabi/10.3.1/../../../../arm-none-eabi/lib/thumb/v6-m/nofp\libc_nano.a(lib_a-memset.o)
                              c:/st/stm32cubeide_1.12.1/stm32cubeide/plugins/com.st.stm32cube.ide.mcu.externaltools.gnu-tools-for-stm32.10.3-2021.10.win32_1.0.200.202301161003/tools/bin/../lib/gcc/arm-none-eabi/10.3.1/../../../../arm-none-eabi/lib/thumb/v6-m/nofp/crt0.o (memset)
c:/st/stm32cubeide_1.12.1/stm32cubeide/plugins/com.st.stm32cube.ide.mcu.externaltools.gnu-tools-for-stm32.10.3-2021.10.win32_1.0.200.202301161003/tools/bin/../lib/gcc/arm-none-eabi/10.3.1/thumb/v6-m/nofp\libgcc.a(_udivsi3.o)
                              ./Core/Src/system_stm32f0xx.o (__aeabi_uidiv)
c:/st/stm32cubeide_1.12.1/stm32cubeide/plugins/com.st.stm32cube.ide.mcu.externaltools.gnu-tools-for-stm32.10.3-2021.10.win32_1.0.200.202301161003/tools/bin/../lib/gcc/arm-none-eabi/10.3.1/thumb/v6-m/nofp\libgcc.a(_divsi3.o)
                              ./Core/Src/GFX_FUNCTIONS.o (__aeabi_idiv)
c:/st/stm32cubeide_1.12.1/stm32cubeide/plugins/com.st.stm32cube.ide.mcu.externaltools.gnu-tools-for-stm32.10.3-2021.10.win32_1.0.200.202301161003/tools/bin/../lib/gcc/arm-none-eabi/10.3.1/thumb/v6-m/nofp\libgcc.a(_dvmd_tls.o)
                              c:/st/stm32cubeide_1.12.1/stm32cubeide/plugins/com.st.stm32cube.ide.mcu.externaltools.gnu-tools-for-stm32.10.3-2021.10.win32_1.0.200.202301161003/tools/bin/../lib/gcc/arm-none-eabi/10.3.1/thumb/v6-m/nofp\libgcc.a(_udivsi3.o) (__aeabi_idiv0)

Discarded input sections

 .text          0x0000000000000000        0x0 c:/st/stm32cubeide_1.12.1/stm32cubeide/plugins/com.st.stm32cube.ide.mcu.externaltools.gnu-tools-for-stm32.10.3-2021.10.win32_1.0.200.202301161003/tools/bin/../lib/gcc/arm-none-eabi/10.3.1/thumb/v6-m/nofp/crti.o
 .data          0x0000000000000000        0x0 c:/st/stm32cubeide_1.12.1/stm32cubeide/plugins/com.st.stm32cube.ide.mcu.externaltools.gnu-tools-for-stm32.10.3-2021.10.win32_1.0.200.202301161003/tools/bin/../lib/gcc/arm-none-eabi/10.3.1/thumb/v6-m/nofp/crti.o
 .bss           0x0000000000000000        0x0 c:/st/stm32cubeide_1.12.1/stm32cubeide/plugins/com.st.stm32cube.ide.mcu.externaltools.gnu-tools-for-stm32.10.3-2021.10.win32_1.0.200.202301161003/tools/bin/../lib/gcc/arm-none-eabi/10.3.1/thumb/v6-m/nofp/crti.o
 .data          0x0000000000000000        0x4 c:/st/stm32cubeide_1.12.1/stm32cubeide/plugins/com.st.stm32cube.ide.mcu.externaltools.gnu-tools-for-stm32.10.3-2021.10.win32_1.0.200.202301161003/tools/bin/../lib/gcc/arm-none-eabi/10.3.1/thumb/v6-m/nofp/crtbegin.o
[...]
Memory Configuration

Name             Origin             Length             Attributes
RAM              0x0000000020000000 0x0000000000002000 xrw
FLASH            0x0000000008000000 0x0000000000010000 xr
*default*        0x0000000000000000 0xffffffffffffffff

Linker script and memory map

LOAD c:/st/stm32cubeide_1.12.1/stm32cubeide/plugins/com.st.stm32cube.ide.mcu.externaltools.gnu-tools-for-stm32.10.3-2021.10.win32_1.0.200.202301161003/tools/bin/../lib/gcc/arm-none-eabi/10.3.1/thumb/v6-m/nofp/crti.o
LOAD c:/st/stm32cubeide_1.12.1/stm32cubeide/plugins/com.st.stm32cube.ide.mcu.externaltools.gnu-tools-for-stm32.10.3-2021.10.win32_1.0.200.202301161003/tools/bin/../lib/gcc/arm-none-eabi/10.3.1/thumb/v6-m/nofp/crtbegin.o
LOAD c:/st/stm32cubeide_1.12.1/stm32cubeide/plugins/com.st.stm32cube.ide.mcu.externaltools.gnu-tools-for-stm32.10.3-2021.10.win32_1.0.200.202301161003/tools/bin/../lib/gcc/arm-none-eabi/10.3.1/../../../../arm-none-eabi/lib/thumb/v6-m/nofp/crt0.o
LOAD ./Core/Src/GFX_FUNCTIONS.o
LOAD ./Core/Src/ST7735.o
LOAD ./Core/Src/fonts.o
LOAD ./Core/Src/main.o
LOAD ./Core/Src/stm32f0xx_hal_msp.o
LOAD ./Core/Src/stm32f0xx_it.o
LOAD ./Core/Src/syscalls.o
LOAD ./Core/Src/sysmem.o
LOAD ./Core/Src/system_stm32f0xx.o
LOAD ./Core/Startup/startup_stm32f051r8tx.o
LOAD ./Drivers/STM32F0xx_HAL_Driver/Src/stm32f0xx_hal.o
LOAD ./Drivers/STM32F0xx_HAL_Driver/Src/stm32f0xx_hal_cortex.o
LOAD ./Drivers/STM32F0xx_HAL_Driver/Src/stm32f0xx_hal_dma.o
LOAD ./Drivers/STM32F0xx_HAL_Driver/Src/stm32f0xx_hal_exti.o
LOAD ./Drivers/STM32F0xx_HAL_Driver/Src/stm32f0xx_hal_flash.o
LOAD ./Drivers/STM32F0xx_HAL_Driver/Src/stm32f0xx_hal_flash_ex.o
LOAD ./Drivers/STM32F0xx_HAL_Driver/Src/stm32f0xx_hal_gpio.o
LOAD ./Drivers/STM32F0xx_HAL_Driver/Src/stm32f0xx_hal_i2c.o
LOAD ./Drivers/STM32F0xx_HAL_Driver/Src/stm32f0xx_hal_i2c_ex.o
LOAD ./Drivers/STM32F0xx_HAL_Driver/Src/stm32f0xx_hal_pwr.o
LOAD ./Drivers/STM32F0xx_HAL_Driver/Src/stm32f0xx_hal_pwr_ex.o
LOAD ./Drivers/STM32F0xx_HAL_Driver/Src/stm32f0xx_hal_rcc.o
LOAD ./Drivers/STM32F0xx_HAL_Driver/Src/stm32f0xx_hal_rcc_ex.o
LOAD ./Drivers/STM32F0xx_HAL_Driver/Src/stm32f0xx_hal_spi.o
LOAD ./Drivers/STM32F0xx_HAL_Driver/Src/stm32f0xx_hal_spi_ex.o
LOAD ./Drivers/STM32F0xx_HAL_Driver/Src/stm32f0xx_hal_tim.o
LOAD ./Drivers/STM32F0xx_HAL_Driver/Src/stm32f0xx_hal_tim_ex.o
START GROUP
LOAD c:/st/stm32cubeide_1.12.1/stm32cubeide/plugins/com.st.stm32cube.ide.mcu.externaltools.gnu-tools-for-stm32.10.3-2021.10.win32_1.0.200.202301161003/tools/bin/../lib/gcc/arm-none-eabi/10.3.1/../../../../arm-none-eabi/lib/thumb/v6-m/nofp\libc_nano.a
LOAD c:/st/stm32cubeide_1.12.1/stm32cubeide/plugins/com.st.stm32cube.ide.mcu.externaltools.gnu-tools-for-stm32.10.3-2021.10.win32_1.0.200.202301161003/tools/bin/../lib/gcc/arm-none-eabi/10.3.1/../../../../arm-none-eabi/lib/thumb/v6-m/nofp\libm.a
END GROUP
START GROUP
LOAD c:/st/stm32cubeide_1.12.1/stm32cubeide/plugins/com.st.stm32cube.ide.mcu.externaltools.gnu-tools-for-stm32.10.3-2021.10.win32_1.0.200.202301161003/tools/bin/../lib/gcc/arm-none-eabi/10.3.1/thumb/v6-m/nofp\libgcc.a
LOAD c:/st/stm32cubeide_1.12.1/stm32cubeide/plugins/com.st.stm32cube.ide.mcu.externaltools.gnu-tools-for-stm32.10.3-2021.10.win32_1.0.200.202301161003/tools/bin/../lib/gcc/arm-none-eabi/10.3.1/../../../../arm-none-eabi/lib/thumb/v6-m/nofp\libc_nano.a
END GROUP
START GROUP
LOAD c:/st/stm32cubeide_1.12.1/stm32cubeide/plugins/com.st.stm32cube.ide.mcu.externaltools.gnu-tools-for-stm32.10.3-2021.10.win32_1.0.200.202301161003/tools/bin/../lib/gcc/arm-none-eabi/10.3.1/thumb/v6-m/nofp\libgcc.a
LOAD c:/st/stm32cubeide_1.12.1/stm32cubeide/plugins/com.st.stm32cube.ide.mcu.externaltools.gnu-tools-for-stm32.10.3-2021.10.win32_1.0.200.202301161003/tools/bin/../lib/gcc/arm-none-eabi/10.3.1/../../../../arm-none-eabi/lib/thumb/v6-m/nofp\libc_nano.a
LOAD c:/st/stm32cubeide_1.12.1/stm32cubeide/plugins/com.st.stm32cube.ide.mcu.externaltools.gnu-tools-for-stm32.10.3-2021.10.win32_1.0.200.202301161003/tools/bin/../lib/gcc/arm-none-eabi/10.3.1/../../../../arm-none-eabi/lib/thumb/v6-m/nofp\libnosys.a
END GROUP
START GROUP
LOAD c:/st/stm32cubeide_1.12.1/stm32cubeide/plugins/com.st.stm32cube.ide.mcu.externaltools.gnu-tools-for-stm32.10.3-2021.10.win32_1.0.200.202301161003/tools/bin/../lib/gcc/arm-none-eabi/10.3.1/thumb/v6-m/nofp\libgcc.a
LOAD c:/st/stm32cubeide_1.12.1/stm32cubeide/plugins/com.st.stm32cube.ide.mcu.externaltools.gnu-tools-for-stm32.10.3-2021.10.win32_1.0.200.202301161003/tools/bin/../lib/gcc/arm-none-eabi/10.3.1/../../../../arm-none-eabi/lib/thumb/v6-m/nofp\libc_nano.a
LOAD c:/st/stm32cubeide_1.12.1/stm32cubeide/plugins/com.st.stm32cube.ide.mcu.externaltools.gnu-tools-for-stm32.10.3-2021.10.win32_1.0.200.202301161003/tools/bin/../lib/gcc/arm-none-eabi/10.3.1/../../../../arm-none-eabi/lib/thumb/v6-m/nofp\libnosys.a
END GROUP
LOAD c:/st/stm32cubeide_1.12.1/stm32cubeide/plugins/com.st.stm32cube.ide.mcu.externaltools.gnu-tools-for-stm32.10.3-2021.10.win32_1.0.200.202301161003/tools/bin/../lib/gcc/arm-none-eabi/10.3.1/thumb/v6-m/nofp/crtend.o
LOAD c:/st/stm32cubeide_1.12.1/stm32cubeide/plugins/com.st.stm32cube.ide.mcu.externaltools.gnu-tools-for-stm32.10.3-2021.10.win32_1.0.200.202301161003/tools/bin/../lib/gcc/arm-none-eabi/10.3.1/thumb/v6-m/nofp/crtn.o
                0x0000000020002000                _estack = (ORIGIN (RAM) + LENGTH (RAM))
                0x0000000000000200                _Min_Heap_Size = 0x200
                0x0000000000000400                _Min_Stack_Size = 0x400

.isr_vector     0x0000000008000000       0xc0
                0x0000000008000000                . = ALIGN (0x4)
 *(.isr_vector)
 .isr_vector    0x0000000008000000       0xc0 ./Core/Startup/startup_stm32f051r8tx.o
                0x0000000008000000                g_pfnVectors
                0x00000000080000c0                . = ALIGN (0x4)

.text           0x00000000080000c0     0x2364
                0x00000000080000c0                . = ALIGN (0x4)
 *(.text)
 .text          0x00000000080000c0       0x48 c:/st/stm32cubeide_1.12.1/stm32cubeide/plugins/com.st.stm32cube.ide.mcu.externaltools.gnu-tools-for-stm32.10.3-2021.10.win32_1.0.200.202301161003/tools/bin/../lib/gcc/arm-none-eabi/10.3.1/thumb/v6-m/nofp/crtbegin.o
 .text          0x0000000008000108      0x114 c:/st/stm32cubeide_1.12.1/stm32cubeide/plugins/com.st.stm32cube.ide.mcu.externaltools.gnu-tools-for-stm32.10.3-2021.10.win32_1.0.200.202301161003/tools/bin/../lib/gcc/arm-none-eabi/10.3.1/thumb/v6-m/nofp\libgcc.a(_udivsi3.o)
                0x0000000008000108                __aeabi_uidiv
                0x0000000008000108                __udivsi3
                0x0000000008000214                __aeabi_uidivmod
 .text          0x000000000800021c        0x4 c:/st/stm32cubeide_1.12.1/stm32cubeide/plugins/com.st.stm32cube.ide.mcu.externaltools.gnu-tools-for-stm32.10.3-2021.10.win32_1.0.200.202301161003/tools/bin/../lib/gcc/arm-none-eabi/10.3.1/thumb/v6-m/nofp\libgcc.a(_dvmd_tls.o)
                0x000000000800021c                __aeabi_idiv0
                0x000000000800021c                __aeabi_ldiv0
 *(.text*)
 .text.fillRect
                0x0000000008000220       0x4c ./Core/Src/GFX_FUNCTIONS.o
                0x0000000008000220                fillRect
 .text.fillScreen
                0x000000000800026c       0x38 ./Core/Src/GFX_FUNCTIONS.o
                0x000000000800026c                fillScreen
 .text.ST7735_Select
                0x00000000080002a4       0x1c ./Core/Src/ST7735.o
                0x00000000080002a4                ST7735_Select
 .text.ST7735_Unselect
                0x00000000080002c0       0x1c ./Core/Src/ST7735.o
                0x00000000080002c0                ST7735_Unselect
 .text.ST7735_Reset
                0x00000000080002dc       0x2c ./Core/Src/ST7735.o
                0x00000000080002dc                ST7735_Reset
 .text.ST7735_WriteCommand
                0x0000000008000308       0x38 ./Core/Src/ST7735.o
                0x0000000008000308                ST7735_WriteCommand
 .text.ST7735_WriteData
                0x0000000008000340       0x38 ./Core/Src/ST7735.o
                0x0000000008000340                ST7735_WriteData
 .text.DisplayInit
                0x0000000008000378       0xc8 ./Core/Src/ST7735.o
                0x0000000008000378                DisplayInit
 .text.ST7735_SetAddressWindow
                0x0000000008000440       0xb0 ./Core/Src/ST7735.o
                0x0000000008000440                ST7735_SetAddressWindow
 .text.ST7735_Init
                0x00000000080004f0       0x64 ./Core/Src/ST7735.o
                0x00000000080004f0                ST7735_Init
 .text.ST7735_SetRotation
                0x0000000008000554      0x114 ./Core/Src/ST7735.o
                0x0000000008000554                ST7735_SetRotation
 .text.ST7735_WriteChar
                0x0000000008000668      0x138 ./Core/Src/ST7735.o
                0x0000000008000668                ST7735_WriteChar
 .text.ST7735_WriteString
                0x00000000080007a0      0x124 ./Core/Src/ST7735.o
                0x00000000080007a0                ST7735_WriteString
 .text.ST7735_FillRectangle
                0x00000000080008c4      0x160 ./Core/Src/ST7735.o
                0x00000000080008c4                ST7735_FillRectangle
 .text.main     0x0000000008000a24       0x90 ./Core/Src/main.o
                0x0000000008000a24                main
 .text.SystemClock_Config
                0x0000000008000ab4       0x94 ./Core/Src/main.o
                0x0000000008000ab4                SystemClock_Config
 .text.MX_SPI1_Init
                0x0000000008000b48       0x80 ./Core/Src/main.o
 .text.MX_GPIO_Init
                0x0000000008000bc8      0x148 ./Core/Src/main.o
 .text.Error_Handler
                0x0000000008000d10        0xa ./Core/Src/main.o
                0x0000000008000d10                Error_Handler
 *fill*         0x0000000008000d1a        0x2 
 .text.HAL_MspInit
                0x0000000008000d1c       0x48 ./Core/Src/stm32f0xx_hal_msp.o
                0x0000000008000d1c                HAL_MspInit
 .text.HAL_SPI_MspInit
                0x0000000008000d64       0x98 ./Core/Src/stm32f0xx_hal_msp.o
                0x0000000008000d64                HAL_SPI_MspInit
 .text.NMI_Handler
                0x0000000008000dfc        0x6 ./Core/Src/stm32f0xx_it.o
                0x0000000008000dfc                NMI_Handler
 .text.HardFault_Handler
                0x0000000008000e02        0x6 ./Core/Src/stm32f0xx_it.o
                0x0000000008000e02                HardFault_Handler
 .text.SVC_Handler
                0x0000000008000e08        0xa ./Core/Src/stm32f0xx_it.o
                0x0000000008000e08                SVC_Handler
 .text.PendSV_Handler
                0x0000000008000e12        0xa ./Core/Src/stm32f0xx_it.o
                0x0000000008000e12                PendSV_Handler
 .text.SysTick_Handler
                0x0000000008000e1c        0xe ./Core/Src/stm32f0xx_it.o
                0x0000000008000e1c                SysTick_Handler
 .text.SystemInit
                0x0000000008000e2a        0xa ./Core/Src/system_stm32f0xx.o
                0x0000000008000e2a                SystemInit
 .text.Reset_Handler
                0x0000000008000e34       0x50 ./Core/Startup/startup_stm32f051r8tx.o
                0x0000000008000e34                Reset_Handler
 .text.Default_Handler
                0x0000000008000e84        0x2 ./Core/Startup/startup_stm32f051r8tx.o
                0x0000000008000e84                TIM1_CC_IRQHandler
                0x0000000008000e84                TSC_IRQHandler
                0x0000000008000e84                ADC1_COMP_IRQHandler
                0x0000000008000e84                PVD_IRQHandler
                0x0000000008000e84                I2C1_IRQHandler
                0x0000000008000e84                RCC_CRS_IRQHandler
                0x0000000008000e84                SPI1_IRQHandler
                0x0000000008000e84                TIM6_DAC_IRQHandler
                0x0000000008000e84                EXTI2_3_IRQHandler
                0x0000000008000e84                I2C2_IRQHandler
                0x0000000008000e84                TIM17_IRQHandler
                0x0000000008000e84                CEC_CAN_IRQHandler
                0x0000000008000e84                RTC_IRQHandler
                0x0000000008000e84                TIM16_IRQHandler
                0x0000000008000e84                TIM3_IRQHandler
                0x0000000008000e84                EXTI4_15_IRQHandler
                0x0000000008000e84                DMA1_Channel1_IRQHandler
                0x0000000008000e84                Default_Handler
                0x0000000008000e84                TIM14_IRQHandler
                0x0000000008000e84                DMA1_Channel4_5_IRQHandler
                0x0000000008000e84                TIM15_IRQHandler
                0x0000000008000e84                EXTI0_1_IRQHandler
                0x0000000008000e84                SPI2_IRQHandler
                0x0000000008000e84                WWDG_IRQHandler
                0x0000000008000e84                TIM2_IRQHandler
                0x0000000008000e84                DMA1_Channel2_3_IRQHandler
                0x0000000008000e84                USART2_IRQHandler
                0x0000000008000e84                FLASH_IRQHandler
                0x0000000008000e84                USART1_IRQHandler
                0x0000000008000e84                TIM1_BRK_UP_TRG_COM_IRQHandler
 *fill*         0x0000000008000e86        0x2 
 .text.HAL_Init
                0x0000000008000e88       0x28 ./Drivers/STM32F0xx_HAL_Driver/Src/stm32f0xx_hal.o
                0x0000000008000e88                HAL_Init
 .text.HAL_InitTick
                0x0000000008000eb0       0x68 ./Drivers/STM32F0xx_HAL_Driver/Src/stm32f0xx_hal.o
                0x0000000008000eb0                HAL_InitTick
 .text.HAL_IncTick
                0x0000000008000f18       0x24 ./Drivers/STM32F0xx_HAL_Driver/Src/stm32f0xx_hal.o
                0x0000000008000f18                HAL_IncTick
 .text.HAL_GetTick
                0x0000000008000f3c       0x14 ./Drivers/STM32F0xx_HAL_Driver/Src/stm32f0xx_hal.o
                0x0000000008000f3c                HAL_GetTick
 .text.HAL_Delay
                0x0000000008000f50       0x48 ./Drivers/STM32F0xx_HAL_Driver/Src/stm32f0xx_hal.o
                0x0000000008000f50                HAL_Delay
 .text.__NVIC_SetPriority
                0x0000000008000f98       0xdc ./Drivers/STM32F0xx_HAL_Driver/Src/stm32f0xx_hal_cortex.o
 .text.SysTick_Config
                0x0000000008001074       0x48 ./Drivers/STM32F0xx_HAL_Driver/Src/stm32f0xx_hal_cortex.o
 .text.HAL_NVIC_SetPriority
                0x00000000080010bc       0x2a ./Drivers/STM32F0xx_HAL_Driver/Src/stm32f0xx_hal_cortex.o
                0x00000000080010bc                HAL_NVIC_SetPriority
 .text.HAL_SYSTICK_Config
                0x00000000080010e6       0x1a ./Drivers/STM32F0xx_HAL_Driver/Src/stm32f0xx_hal_cortex.o
                0x00000000080010e6                HAL_SYSTICK_Config
 .text.HAL_GPIO_Init
                0x0000000008001100      0x2e0 ./Drivers/STM32F0xx_HAL_Driver/Src/stm32f0xx_hal_gpio.o
                0x0000000008001100                HAL_GPIO_Init
 .text.HAL_GPIO_WritePin
                0x00000000080013e0       0x3a ./Drivers/STM32F0xx_HAL_Driver/Src/stm32f0xx_hal_gpio.o
                0x00000000080013e0                HAL_GPIO_WritePin
 *fill*         0x000000000800141a        0x2 
 .text.HAL_RCC_OscConfig
                0x000000000800141c      0x634 ./Drivers/STM32F0xx_HAL_Driver/Src/stm32f0xx_hal_rcc.o
                0x000000000800141c                HAL_RCC_OscConfig
 .text.HAL_RCC_ClockConfig
                0x0000000008001a50      0x19c ./Drivers/STM32F0xx_HAL_Driver/Src/stm32f0xx_hal_rcc.o
                0x0000000008001a50                HAL_RCC_ClockConfig
 .text.HAL_RCC_GetSysClockFreq
                0x0000000008001bec       0xac ./Drivers/STM32F0xx_HAL_Driver/Src/stm32f0xx_hal_rcc.o
                0x0000000008001bec                HAL_RCC_GetSysClockFreq
 .text.HAL_SPI_Init
                0x0000000008001c98      0x170 ./Drivers/STM32F0xx_HAL_Driver/Src/stm32f0xx_hal_spi.o
                0x0000000008001c98                HAL_SPI_Init
 .text.HAL_SPI_Transmit
                0x0000000008001e08      0x2be ./Drivers/STM32F0xx_HAL_Driver/Src/stm32f0xx_hal_spi.o
                0x0000000008001e08                HAL_SPI_Transmit
 *fill*         0x00000000080020c6        0x2 
 .text.SPI_WaitFlagStateUntilTimeout
                0x00000000080020c8      0x11c ./Drivers/STM32F0xx_HAL_Driver/Src/stm32f0xx_hal_spi.o
 .text.SPI_WaitFifoStateUntilTimeout
                0x00000000080021e4      0x144 ./Drivers/STM32F0xx_HAL_Driver/Src/stm32f0xx_hal_spi.o
 .text.SPI_EndRxTxTransaction
                0x0000000008002328       0x8c ./Drivers/STM32F0xx_HAL_Driver/Src/stm32f0xx_hal_spi.o
 .text.__libc_init_array
                0x00000000080023b4       0x48 c:/st/stm32cubeide_1.12.1/stm32cubeide/plugins/com.st.stm32cube.ide.mcu.externaltools.gnu-tools-for-stm32.10.3-2021.10.win32_1.0.200.202301161003/tools/bin/../lib/gcc/arm-none-eabi/10.3.1/../../../../arm-none-eabi/lib/thumb/v6-m/nofp\libc_nano.a(lib_a-init.o)
                0x00000000080023b4                __libc_init_array
 .text.memset   0x00000000080023fc       0x10 c:/st/stm32cubeide_1.12.1/stm32cubeide/plugins/com.st.stm32cube.ide.mcu.externaltools.gnu-tools-for-stm32.10.3-2021.10.win32_1.0.200.202301161003/tools/bin/../lib/gcc/arm-none-eabi/10.3.1/../../../../arm-none-eabi/lib/thumb/v6-m/nofp\libc_nano.a(lib_a-memset.o)
                0x00000000080023fc                memset
 *(.glue_7)
 .glue_7        0x000000000800240c        0x0 linker stubs
 *(.glue_7t)
 .glue_7t       0x000000000800240c        0x0 linker stubs
 *(.eh_frame)
 .eh_frame      0x000000000800240c        0x0 c:/st/stm32cubeide_1.12.1/stm32cubeide/plugins/com.st.stm32cube.ide.mcu.externaltools.gnu-tools-for-stm32.10.3-2021.10.win32_1.0.200.202301161003/tools/bin/../lib/gcc/arm-none-eabi/10.3.1/thumb/v6-m/nofp/crtbegin.o
 *(.init)
 .init          0x000000000800240c        0x4 c:/st/stm32cubeide_1.12.1/stm32cubeide/plugins/com.st.stm32cube.ide.mcu.externaltools.gnu-tools-for-stm32.10.3-2021.10.win32_1.0.200.202301161003/tools/bin/../lib/gcc/arm-none-eabi/10.3.1/thumb/v6-m/nofp/crti.o
                0x000000000800240c                _init
 .init          0x0000000008002410        0x8 c:/st/stm32cubeide_1.12.1/stm32cubeide/plugins/com.st.stm32cube.ide.mcu.externaltools.gnu-tools-for-stm32.10.3-2021.10.win32_1.0.200.202301161003/tools/bin/../lib/gcc/arm-none-eabi/10.3.1/thumb/v6-m/nofp/crtn.o
 *(.fini)
 .fini          0x0000000008002418        0x4 c:/st/stm32cubeide_1.12.1/stm32cubeide/plugins/com.st.stm32cube.ide.mcu.externaltools.gnu-tools-for-stm32.10.3-2021.10.win32_1.0.200.202301161003/tools/bin/../lib/gcc/arm-none-eabi/10.3.1/thumb/v6-m/nofp/crti.o
                0x0000000008002418                _fini
 .fini          0x000000000800241c        0x8 c:/st/stm32cubeide_1.12.1/stm32cubeide/plugins/com.st.stm32cube.ide.mcu.externaltools.gnu-tools-for-stm32.10.3-2021.10.win32_1.0.200.202301161003/tools/bin/../lib/gcc/arm-none-eabi/10.3.1/thumb/v6-m/nofp/crtn.o
                0x0000000008002424                . = ALIGN (0x4)
                0x0000000008002424                _etext = .

.vfp11_veneer   0x0000000008002424        0x0
 .vfp11_veneer  0x0000000008002424        0x0 linker stubs

.v4_bx          0x0000000008002424        0x0
 .v4_bx         0x0000000008002424        0x0 linker stubs

.iplt           0x0000000008002424        0x0
 .iplt          0x0000000008002424        0x0 c:/st/stm32cubeide_1.12.1/stm32cubeide/plugins/com.st.stm32cube.ide.mcu.externaltools.gnu-tools-for-stm32.10.3-2021.10.win32_1.0.200.202301161003/tools/bin/../lib/gcc/arm-none-eabi/10.3.1/thumb/v6-m/nofp/crtbegin.o

.rodata         0x0000000008002424      0xe10
                0x0000000008002424                . = ALIGN (0x4)
 *(.rodata)
 .rodata        0x0000000008002424        0xe ./Core/Src/main.o
 *(.rodata*)
 *fill*         0x0000000008002432        0x2 
 .rodata.init_cmds1
                0x0000000008002434       0x38 ./Core/Src/ST7735.o
                0x0000000008002434                init_cmds1
 .rodata.init_cmds2
                0x000000000800246c        0xd ./Core/Src/ST7735.o
                0x000000000800246c                init_cmds2
 *fill*         0x0000000008002479        0x3 
 .rodata.init_cmds3
                0x000000000800247c       0x2b ./Core/Src/ST7735.o
                0x000000000800247c                init_cmds3
 *fill*         0x00000000080024a7        0x1 
 .rodata.Font11x18
                0x00000000080024a8      0xd5c ./Core/Src/fonts.o
 .rodata.AHBPrescTable
                0x0000000008003204       0x10 ./Core/Src/system_stm32f0xx.o
                0x0000000008003204                AHBPrescTable
 .rodata.aPLLMULFactorTable.1
                0x0000000008003214       0x10 ./Drivers/STM32F0xx_HAL_Driver/Src/stm32f0xx_hal_rcc.o
 .rodata.aPredivFactorTable.0
                0x0000000008003224       0x10 ./Drivers/STM32F0xx_HAL_Driver/Src/stm32f0xx_hal_rcc.o
                0x0000000008003234                . = ALIGN (0x4)

.rel.dyn        0x0000000008003234        0x0
 .rel.iplt      0x0000000008003234        0x0 c:/st/stm32cubeide_1.12.1/stm32cubeide/plugins/com.st.stm32cube.ide.mcu.externaltools.gnu-tools-for-stm32.10.3-2021.10.win32_1.0.200.202301161003/tools/bin/../lib/gcc/arm-none-eabi/10.3.1/thumb/v6-m/nofp/crtbegin.o

.ARM.extab      0x0000000008003234        0x0
                0x0000000008003234                . = ALIGN (0x4)
 *(.ARM.extab* .gnu.linkonce.armextab.*)
                0x0000000008003234                . = ALIGN (0x4)

.ARM            0x0000000008003234        0x0
                0x0000000008003234                . = ALIGN (0x4)
                0x0000000008003234                __exidx_start = .
 *(.ARM.exidx*)
                0x0000000008003234                __exidx_end = .
                0x0000000008003234                . = ALIGN (0x4)

.preinit_array  0x0000000008003234        0x0
                0x0000000008003234                . = ALIGN (0x4)
                0x0000000008003234                PROVIDE (__preinit_array_start = .)
 *(.preinit_array*)
                0x0000000008003234                PROVIDE (__preinit_array_end = .)
                0x0000000008003234                . = ALIGN (0x4)

.init_array     0x0000000008003234        0x4
                0x0000000008003234                . = ALIGN (0x4)
                0x0000000008003234                PROVIDE (__init_array_start = .)
 *(SORT_BY_NAME(.init_array.*))
 *(.init_array*)
 .init_array    0x0000000008003234        0x4 c:/st/stm32cubeide_1.12.1/stm32cubeide/plugins/com.st.stm32cube.ide.mcu.externaltools.gnu-tools-for-stm32.10.3-2021.10.win32_1.0.200.202301161003/tools/bin/../lib/gcc/arm-none-eabi/10.3.1/thumb/v6-m/nofp/crtbegin.o
                0x0000000008003238                PROVIDE (__init_array_end = .)
                0x0000000008003238                . = ALIGN (0x4)

.fini_array     0x0000000008003238        0x4
                0x0000000008003238                . = ALIGN (0x4)
                [!provide]                        PROVIDE (__fini_array_start = .)
 *(SORT_BY_NAME(.fini_array.*))
 *(.fini_array*)
 .fini_array    0x0000000008003238        0x4 c:/st/stm32cubeide_1.12.1/stm32cubeide/plugins/com.st.stm32cube.ide.mcu.externaltools.gnu-tools-for-stm32.10.3-2021.10.win32_1.0.200.202301161003/tools/bin/../lib/gcc/arm-none-eabi/10.3.1/thumb/v6-m/nofp/crtbegin.o
                [!provide]                        PROVIDE (__fini_array_end = .)
                0x000000000800323c                . = ALIGN (0x4)
                0x000000000800323c                _sidata = LOADADDR (.data)

.data           0x0000000020000000       0x14 load address 0x000000000800323c
                0x0000000020000000                . = ALIGN (0x4)
                0x0000000020000000                _sdata = .
 *(.data)
 *(.data*)
 .data.Font_11x18
                0x0000000020000000        0x8 ./Core/Src/fonts.o
                0x0000000020000000                Font_11x18
 .data.SystemCoreClock
                0x0000000020000008        0x4 ./Core/Src/system_stm32f0xx.o
                0x0000000020000008                SystemCoreClock
 .data.uwTickPrio
                0x000000002000000c        0x4 ./Drivers/STM32F0xx_HAL_Driver/Src/stm32f0xx_hal.o
                0x000000002000000c                uwTickPrio
 .data.uwTickFreq
                0x0000000020000010        0x1 ./Drivers/STM32F0xx_HAL_Driver/Src/stm32f0xx_hal.o
                0x0000000020000010                uwTickFreq
 *(.RamFunc)
 *(.RamFunc*)
                0x0000000020000014                . = ALIGN (0x4)
 *fill*         0x0000000020000011        0x3 
                0x0000000020000014                _edata = .

.igot.plt       0x0000000020000014        0x0 load address 0x0000000008003250
 .igot.plt      0x0000000020000014        0x0 c:/st/stm32cubeide_1.12.1/stm32cubeide/plugins/com.st.stm32cube.ide.mcu.externaltools.gnu-tools-for-stm32.10.3-2021.10.win32_1.0.200.202301161003/tools/bin/../lib/gcc/arm-none-eabi/10.3.1/thumb/v6-m/nofp/crtbegin.o
                0x0000000020000014                . = ALIGN (0x4)

.bss            0x0000000020000014       0x90 load address 0x0000000008003250
                0x0000000020000014                _sbss = .
                0x0000000020000014                __bss_start__ = _sbss
 *(.bss)
 .bss           0x0000000020000014       0x1c c:/st/stm32cubeide_1.12.1/stm32cubeide/plugins/com.st.stm32cube.ide.mcu.externaltools.gnu-tools-for-stm32.10.3-2021.10.win32_1.0.200.202301161003/tools/bin/../lib/gcc/arm-none-eabi/10.3.1/thumb/v6-m/nofp/crtbegin.o
 *(.bss*)
 .bss._width    0x0000000020000030        0x2 ./Core/Src/ST7735.o
                0x0000000020000030                _width
 .bss._height   0x0000000020000032        0x2 ./Core/Src/ST7735.o
                0x0000000020000032                _height
 .bss.rotation  0x0000000020000034        0x1 ./Core/Src/ST7735.o
                0x0000000020000034                rotation
 .bss._colstart
                0x0000000020000035        0x1 ./Core/Src/ST7735.o
                0x0000000020000035                _colstart
 .bss._rowstart
                0x0000000020000036        0x1 ./Core/Src/ST7735.o
                0x0000000020000036                _rowstart
 .bss._xstart   0x0000000020000037        0x1 ./Core/Src/ST7735.o
                0x0000000020000037                _xstart
 .bss._ystart   0x0000000020000038        0x1 ./Core/Src/ST7735.o
                0x0000000020000038                _ystart
 *fill*         0x0000000020000039        0x3 
 .bss.hspi1     0x000000002000003c       0x64 ./Core/Src/main.o
                0x000000002000003c                hspi1
 .bss.uwTick    0x00000000200000a0        0x4 ./Drivers/STM32F0xx_HAL_Driver/Src/stm32f0xx_hal.o
                0x00000000200000a0                uwTick
 *(COMMON)
                0x00000000200000a4                . = ALIGN (0x4)
                0x00000000200000a4                _ebss = .
                0x00000000200000a4                __bss_end__ = _ebss

._user_heap_stack
                0x00000000200000a4      0x604 load address 0x0000000008003250
                0x00000000200000a8                . = ALIGN (0x8)
 *fill*         0x00000000200000a4        0x4 
                [!provide]                        PROVIDE (end = .)
                0x00000000200000a8                PROVIDE (_end = .)
                0x00000000200002a8                . = (. + _Min_Heap_Size)
 *fill*         0x00000000200000a8      0x200 
                0x00000000200006a8                . = (. + _Min_Stack_Size)
 *fill*         0x00000000200002a8      0x400 
                0x00000000200006a8                . = ALIGN (0x8)

/DISCARD/
 libc.a(*)
 libm.a(*)
 libgcc.a(*)

.ARM.attributes
                0x0000000000000000       0x28
 *(.ARM.attributes)
 .ARM.attributes
                0x0000000000000000       0x1e c:/st/stm32cubeide_1.12.1/stm32cubeide/plugins/com.st.stm32cube.ide.mcu.externaltools.gnu-tools-for-stm32.10.3-2021.10.win32_1.0.200.202301161003/tools/bin/../lib/gcc/arm-none-eabi/10.3.1/thumb/v6-m/nofp/crti.o
 .ARM.attributes
                0x000000000000001e       0x2c c:/st/stm32cubeide_1.12.1/stm32cubeide/plugins/com.st.stm32cube.ide.mcu.externaltools.gnu-tools-for-stm32.10.3-2021.10.win32_1.0.200.202301161003/tools/bin/../lib/gcc/arm-none-eabi/10.3.1/thumb/v6-m/nofp/crtbegin.o
 .ARM.attributes
                0x000000000000004a       0x2c ./Core/Src/GFX_FUNCTIONS.o
 .ARM.attributes
                0x0000000000000076       0x2c ./Core/Src/ST7735.o
 .ARM.attributes
                0x00000000000000a2       0x2c ./Core/Src/fonts.o
 .ARM.attributes
                0x00000000000000ce       0x2c ./Core/Src/main.o
 .ARM.attributes
                0x00000000000000fa       0x2c ./Core/Src/stm32f0xx_hal_msp.o
 .ARM.attributes
                0x0000000000000126       0x2c ./Core/Src/stm32f0xx_it.o
 .ARM.attributes
                0x0000000000000152       0x2c ./Core/Src/system_stm32f0xx.o
 .ARM.attributes
                0x000000000000017e       0x21 ./Core/Startup/startup_stm32f051r8tx.o
 .ARM.attributes
                0x000000000000019f       0x2c ./Drivers/STM32F0xx_HAL_Driver/Src/stm32f0xx_hal.o
 .ARM.attributes
                0x00000000000001cb       0x2c ./Drivers/STM32F0xx_HAL_Driver/Src/stm32f0xx_hal_cortex.o
 .ARM.attributes
                0x00000000000001f7       0x2c ./Drivers/STM32F0xx_HAL_Driver/Src/stm32f0xx_hal_gpio.o
 .ARM.attributes
                0x0000000000000223       0x2c ./Drivers/STM32F0xx_HAL_Driver/Src/stm32f0xx_hal_rcc.o
 .ARM.attributes
                0x000000000000024f       0x2c ./Drivers/STM32F0xx_HAL_Driver/Src/stm32f0xx_hal_spi.o
 .ARM.attributes
                0x000000000000027b       0x2c c:/st/stm32cubeide_1.12.1/stm32cubeide/plugins/com.st.stm32cube.ide.mcu.externaltools.gnu-tools-for-stm32.10.3-2021.10.win32_1.0.200.202301161003/tools/bin/../lib/gcc/arm-none-eabi/10.3.1/../../../../arm-none-eabi/lib/thumb/v6-m/nofp\libc_nano.a(lib_a-init.o)
 .ARM.attributes
                0x00000000000002a7       0x2c c:/st/stm32cubeide_1.12.1/stm32cubeide/plugins/com.st.stm32cube.ide.mcu.externaltools.gnu-tools-for-stm32.10.3-2021.10.win32_1.0.200.202301161003/tools/bin/../lib/gcc/arm-none-eabi/10.3.1/../../../../arm-none-eabi/lib/thumb/v6-m/nofp\libc_nano.a(lib_a-memset.o)
 .ARM.attributes
                0x00000000000002d3       0x1e c:/st/stm32cubeide_1.12.1/stm32cubeide/plugins/com.st.stm32cube.ide.mcu.externaltools.gnu-tools-for-stm32.10.3-2021.10.win32_1.0.200.202301161003/tools/bin/../lib/gcc/arm-none-eabi/10.3.1/thumb/v6-m/nofp\libgcc.a(_udivsi3.o)
 .ARM.attributes
                0x00000000000002f1       0x1e c:/st/stm32cubeide_1.12.1/stm32cubeide/plugins/com.st.stm32cube.ide.mcu.externaltools.gnu-tools-for-stm32.10.3-2021.10.win32_1.0.200.202301161003/tools/bin/../lib/gcc/arm-none-eabi/10.3.1/thumb/v6-m/nofp\libgcc.a(_dvmd_tls.o)
 .ARM.attributes
                0x000000000000030f       0x1e c:/st/stm32cubeide_1.12.1/stm32cubeide/plugins/com.st.stm32cube.ide.mcu.externaltools.gnu-tools-for-stm32.10.3-2021.10.win32_1.0.200.202301161003/tools/bin/../lib/gcc/arm-none-eabi/10.3.1/thumb/v6-m/nofp/crtn.o
OUTPUT(SPIDisplayCode.elf elf32-littlearm)
LOAD linker stubs
LOAD c:/st/stm32cubeide_1.12.1/stm32cubeide/plugins/com.st.stm32cube.ide.mcu.externaltools.gnu-tools-for-stm32.10.3-2021.10.win32_1.0.200.202301161003/tools/bin/../lib/gcc/arm-none-eabi/10.3.1/../../../../arm-none-eabi/lib/thumb/v6-m/nofp\libc.a
LOAD c:/st/stm32cubeide_1.12.1/stm32cubeide/plugins/com.st.stm32cube.ide.mcu.externaltools.gnu-tools-for-stm32.10.3-2021.10.win32_1.0.200.202301161003/tools/bin/../lib/gcc/arm-none-eabi/10.3.1/../../../../arm-none-eabi/lib/thumb/v6-m/nofp\libm.a
LOAD c:/st/stm32cubeide_1.12.1/stm32cubeide/plugins/com.st.stm32cube.ide.mcu.externaltools.gnu-tools-for-stm32.10.3-2021.10.win32_1.0.200.202301161003/tools/bin/../lib/gcc/arm-none-eabi/10.3.1/thumb/v6-m/nofp\libgcc.a

.debug_info     0x0000000000000000     0x6a16
 .debug_info    0x0000000000000000      0xf35 ./Core/Src/GFX_FUNCTIONS.o
 .debug_info    0x0000000000000f35      0xd30 ./Core/Src/ST7735.o
 .debug_info    0x0000000000001c65      0x1ae ./Core/Src/fonts.o
 .debug_info    0x0000000000001e13      0xbca ./Core/Src/main.o
 .debug_info    0x00000000000029dd      0x8ab ./Core/Src/stm32f0xx_hal_msp.o
 .debug_info    0x0000000000003288       0xda ./Core/Src/stm32f0xx_it.o
 .debug_info    0x0000000000003362      0x269 ./Core/Src/system_stm32f0xx.o
 .debug_info    0x00000000000035cb       0x22 ./Core/Startup/startup_stm32f051r8tx.o
 .debug_info    0x00000000000035ed      0x6de ./Drivers/STM32F0xx_HAL_Driver/Src/stm32f0xx_hal.o
 .debug_info    0x0000000000003ccb      0x711 ./Drivers/STM32F0xx_HAL_Driver/Src/stm32f0xx_hal_cortex.o
 .debug_info    0x00000000000043dc      0x620 ./Drivers/STM32F0xx_HAL_Driver/Src/stm32f0xx_hal_gpio.o
 .debug_info    0x00000000000049fc      0x8a3 ./Drivers/STM32F0xx_HAL_Driver/Src/stm32f0xx_hal_rcc.o
 .debug_info    0x000000000000529f     0x1777 ./Drivers/STM32F0xx_HAL_Driver/Src/stm32f0xx_hal_spi.o

.debug_abbrev   0x0000000000000000     0x158d
 .debug_abbrev  0x0000000000000000      0x1a5 ./Core/Src/GFX_FUNCTIONS.o
 .debug_abbrev  0x00000000000001a5      0x258 ./Core/Src/ST7735.o
 .debug_abbrev  0x00000000000003fd       0xad ./Core/Src/fonts.o
 .debug_abbrev  0x00000000000004aa      0x25f ./Core/Src/main.o
 .debug_abbrev  0x0000000000000709      0x194 ./Core/Src/stm32f0xx_hal_msp.o
 .debug_abbrev  0x000000000000089d       0x74 ./Core/Src/stm32f0xx_it.o
 .debug_abbrev  0x0000000000000911      0x116 ./Core/Src/system_stm32f0xx.o
 .debug_abbrev  0x0000000000000a27       0x12 ./Core/Startup/startup_stm32f051r8tx.o
 .debug_abbrev  0x0000000000000a39      0x23f ./Drivers/STM32F0xx_HAL_Driver/Src/stm32f0xx_hal.o
 .debug_abbrev  0x0000000000000c78      0x283 ./Drivers/STM32F0xx_HAL_Driver/Src/stm32f0xx_hal_cortex.o
 .debug_abbrev  0x0000000000000efb      0x1bb ./Drivers/STM32F0xx_HAL_Driver/Src/stm32f0xx_hal_gpio.o
 .debug_abbrev  0x00000000000010b6      0x283 ./Drivers/STM32F0xx_HAL_Driver/Src/stm32f0xx_hal_rcc.o
 .debug_abbrev  0x0000000000001339      0x254 ./Drivers/STM32F0xx_HAL_Driver/Src/stm32f0xx_hal_spi.o

.debug_aranges  0x0000000000000000      0x6e8
 .debug_aranges
                0x0000000000000000      0x100 ./Core/Src/GFX_FUNCTIONS.o
 .debug_aranges
                0x0000000000000100       0x90 ./Core/Src/ST7735.o
 .debug_aranges
                0x0000000000000190       0x18 ./Core/Src/fonts.o
 .debug_aranges
                0x00000000000001a8       0x40 ./Core/Src/main.o
 .debug_aranges
                0x00000000000001e8       0x30 ./Core/Src/stm32f0xx_hal_msp.o
 .debug_aranges
                0x0000000000000218       0x40 ./Core/Src/stm32f0xx_it.o
 .debug_aranges
                0x0000000000000258       0x28 ./Core/Src/system_stm32f0xx.o
 .debug_aranges
                0x0000000000000280       0x28 ./Core/Startup/startup_stm32f051r8tx.o
 .debug_aranges
                0x00000000000002a8       0xd0 ./Drivers/STM32F0xx_HAL_Driver/Src/stm32f0xx_hal.o
 .debug_aranges
                0x0000000000000378       0xc0 ./Drivers/STM32F0xx_HAL_Driver/Src/stm32f0xx_hal_cortex.o
 .debug_aranges
                0x0000000000000438       0x58 ./Drivers/STM32F0xx_HAL_Driver/Src/stm32f0xx_hal_gpio.o
 .debug_aranges
                0x0000000000000490       0x80 ./Drivers/STM32F0xx_HAL_Driver/Src/stm32f0xx_hal_rcc.o
 .debug_aranges
                0x0000000000000510      0x1d8 ./Drivers/STM32F0xx_HAL_Driver/Src/stm32f0xx_hal_spi.o

.debug_ranges   0x0000000000000000      0x618
 .debug_ranges  0x0000000000000000       0xf0 ./Core/Src/GFX_FUNCTIONS.o
 .debug_ranges  0x00000000000000f0       0x80 ./Core/Src/ST7735.o
 .debug_ranges  0x0000000000000170       0x30 ./Core/Src/main.o
 .debug_ranges  0x00000000000001a0       0x20 ./Core/Src/stm32f0xx_hal_msp.o
 .debug_ranges  0x00000000000001c0       0x30 ./Core/Src/stm32f0xx_it.o
 .debug_ranges  0x00000000000001f0       0x18 ./Core/Src/system_stm32f0xx.o
 .debug_ranges  0x0000000000000208       0x20 ./Core/Startup/startup_stm32f051r8tx.o
 .debug_ranges  0x0000000000000228       0xc0 ./Drivers/STM32F0xx_HAL_Driver/Src/stm32f0xx_hal.o
 .debug_ranges  0x00000000000002e8       0xb0 ./Drivers/STM32F0xx_HAL_Driver/Src/stm32f0xx_hal_cortex.o
 .debug_ranges  0x0000000000000398       0x48 ./Drivers/STM32F0xx_HAL_Driver/Src/stm32f0xx_hal_gpio.o
 .debug_ranges  0x00000000000003e0       0x70 ./Drivers/STM32F0xx_HAL_Driver/Src/stm32f0xx_hal_rcc.o
 .debug_ranges  0x0000000000000450      0x1c8 ./Drivers/STM32F0xx_HAL_Driver/Src/stm32f0xx_hal_spi.o

.debug_macro    0x0000000000000000    0x113be
 .debug_macro   0x0000000000000000      0x2a9 ./Core/Src/GFX_FUNCTIONS.o
 .debug_macro   0x00000000000002a9      0xa4e ./Core/Src/GFX_FUNCTIONS.o
 .debug_macro   0x0000000000000cf7       0x22 ./Core/Src/GFX_FUNCTIONS.o
 .debug_macro   0x0000000000000d19       0x8e ./Core/Src/GFX_FUNCTIONS.o
 .debug_macro   0x0000000000000da7       0x51 ./Core/Src/GFX_FUNCTIONS.o
 .debug_macro   0x0000000000000df8      0x103 ./Core/Src/GFX_FUNCTIONS.o
 .debug_macro   0x0000000000000efb       0x6a ./Core/Src/GFX_FUNCTIONS.o
 .debug_macro   0x0000000000000f65      0x1df ./Core/Src/GFX_FUNCTIONS.o
 .debug_macro   0x0000000000001144      0x12d ./Core/Src/GFX_FUNCTIONS.o
 .debug_macro   0x0000000000001271       0x2e ./Core/Src/GFX_FUNCTIONS.o
 .debug_macro   0x000000000000129f       0x22 ./Core/Src/GFX_FUNCTIONS.o
 .debug_macro   0x00000000000012c1       0x1c ./Core/Src/GFX_FUNCTIONS.o
 .debug_macro   0x00000000000012dd       0x22 ./Core/Src/GFX_FUNCTIONS.o
 .debug_macro   0x00000000000012ff       0xaf ./Core/Src/GFX_FUNCTIONS.o
 .debug_macro   0x00000000000013ae      0x391 ./Core/Src/GFX_FUNCTIONS.o
 .debug_macro   0x000000000000173f     0x8d00 ./Core/Src/GFX_FUNCTIONS.o
 .debug_macro   0x000000000000a43f       0x66 ./Core/Src/GFX_FUNCTIONS.o
 .debug_macro   0x000000000000a4a5     0x34be ./Core/Src/GFX_FUNCTIONS.o
 .debug_macro   0x000000000000d963      0x174 ./Core/Src/GFX_FUNCTIONS.o
 .debug_macro   0x000000000000dad7       0x55 ./Core/Src/GFX_FUNCTIONS.o
 .debug_macro   0x000000000000db2c      0x924 ./Core/Src/GFX_FUNCTIONS.o
 .debug_macro   0x000000000000e450      0x251 ./Core/Src/GFX_FUNCTIONS.o
 .debug_macro   0x000000000000e6a1      0x1ae ./Core/Src/GFX_FUNCTIONS.o
 .debug_macro   0x000000000000e84f      0x114 ./Core/Src/GFX_FUNCTIONS.o
 .debug_macro   0x000000000000e963      0x1a0 ./Core/Src/GFX_FUNCTIONS.o
 .debug_macro   0x000000000000eb03      0x1ed ./Core/Src/GFX_FUNCTIONS.o
 .debug_macro   0x000000000000ecf0       0x34 ./Core/Src/GFX_FUNCTIONS.o
 .debug_macro   0x000000000000ed24       0x43 ./Core/Src/GFX_FUNCTIONS.o
 .debug_macro   0x000000000000ed67       0x28 ./Core/Src/GFX_FUNCTIONS.o
 .debug_macro   0x000000000000ed8f       0xb0 ./Core/Src/GFX_FUNCTIONS.o
 .debug_macro   0x000000000000ee3f      0x199 ./Core/Src/GFX_FUNCTIONS.o
 .debug_macro   0x000000000000efd8      0x22c ./Core/Src/GFX_FUNCTIONS.o
 .debug_macro   0x000000000000f204       0x61 ./Core/Src/GFX_FUNCTIONS.o
 .debug_macro   0x000000000000f265       0xa5 ./Core/Src/GFX_FUNCTIONS.o
 .debug_macro   0x000000000000f30a       0x4c ./Core/Src/GFX_FUNCTIONS.o
 .debug_macro   0x000000000000f356      0x112 ./Core/Src/GFX_FUNCTIONS.o
 .debug_macro   0x000000000000f468      0x2fe ./Core/Src/GFX_FUNCTIONS.o
 .debug_macro   0x000000000000f766      0x114 ./Core/Src/GFX_FUNCTIONS.o
 .debug_macro   0x000000000000f87a       0x22 ./Core/Src/GFX_FUNCTIONS.o
 .debug_macro   0x000000000000f89c      0x184 ./Core/Src/GFX_FUNCTIONS.o
 .debug_macro   0x000000000000fa20       0x18 ./Core/Src/GFX_FUNCTIONS.o
 .debug_macro   0x000000000000fa38       0x52 ./Core/Src/GFX_FUNCTIONS.o
 .debug_macro   0x000000000000fa8a       0x3c ./Core/Src/GFX_FUNCTIONS.o
 .debug_macro   0x000000000000fac6       0x34 ./Core/Src/GFX_FUNCTIONS.o
 .debug_macro   0x000000000000fafa       0x16 ./Core/Src/GFX_FUNCTIONS.o
 .debug_macro   0x000000000000fb10       0x35 ./Core/Src/GFX_FUNCTIONS.o
 .debug_macro   0x000000000000fb45       0x16 ./Core/Src/GFX_FUNCTIONS.o
 .debug_macro   0x000000000000fb5b       0x43 ./Core/Src/GFX_FUNCTIONS.o
 .debug_macro   0x000000000000fb9e       0x34 ./Core/Src/GFX_FUNCTIONS.o
 .debug_macro   0x000000000000fbd2       0x10 ./Core/Src/GFX_FUNCTIONS.o
 .debug_macro   0x000000000000fbe2       0x58 ./Core/Src/GFX_FUNCTIONS.o
 .debug_macro   0x000000000000fc3a       0x71 ./Core/Src/GFX_FUNCTIONS.o
 .debug_macro   0x000000000000fcab       0x1c ./Core/Src/GFX_FUNCTIONS.o
 .debug_macro   0x000000000000fcc7      0x12a ./Core/Src/GFX_FUNCTIONS.o
 .debug_macro   0x000000000000fdf1      0x341 ./Core/Src/GFX_FUNCTIONS.o
 .debug_macro   0x0000000000010132       0x16 ./Core/Src/GFX_FUNCTIONS.o
 .debug_macro   0x0000000000010148       0x29 ./Core/Src/GFX_FUNCTIONS.o
 .debug_macro   0x0000000000010171      0x1d1 ./Core/Src/ST7735.o
 .debug_macro   0x0000000000010342       0x6d ./Core/Src/fonts.o
 .debug_macro   0x00000000000103af      0x1ea ./Core/Src/main.o
 .debug_macro   0x0000000000010599       0x40 ./Core/Src/main.o
 .debug_macro   0x00000000000105d9      0x1be ./Core/Src/stm32f0xx_hal_msp.o
 .debug_macro   0x0000000000010797      0x1c8 ./Core/Src/stm32f0xx_it.o
 .debug_macro   0x000000000001095f      0x1af ./Core/Src/system_stm32f0xx.o
 .debug_macro   0x0000000000010b0e      0x1d3 ./Drivers/STM32F0xx_HAL_Driver/Src/stm32f0xx_hal.o
 .debug_macro   0x0000000000010ce1      0x1af ./Drivers/STM32F0xx_HAL_Driver/Src/stm32f0xx_hal_cortex.o
 .debug_macro   0x0000000000010e90      0x1b6 ./Drivers/STM32F0xx_HAL_Driver/Src/stm32f0xx_hal_gpio.o
 .debug_macro   0x0000000000011046      0x1c1 ./Drivers/STM32F0xx_HAL_Driver/Src/stm32f0xx_hal_rcc.o
 .debug_macro   0x0000000000011207      0x1b7 ./Drivers/STM32F0xx_HAL_Driver/Src/stm32f0xx_hal_spi.o

.debug_line     0x0000000000000000     0x89aa
 .debug_line    0x0000000000000000     0x14a4 ./Core/Src/GFX_FUNCTIONS.o
 .debug_line    0x00000000000014a4      0xab9 ./Core/Src/ST7735.o
 .debug_line    0x0000000000001f5d      0x387 ./Core/Src/fonts.o
 .debug_line    0x00000000000022e4      0x7f1 ./Core/Src/main.o
 .debug_line    0x0000000000002ad5      0x6f9 ./Core/Src/stm32f0xx_hal_msp.o
 .debug_line    0x00000000000031ce      0x711 ./Core/Src/stm32f0xx_it.o
 .debug_line    0x00000000000038df      0x71c ./Core/Src/system_stm32f0xx.o
 .debug_line    0x0000000000003ffb       0x89 ./Core/Startup/startup_stm32f051r8tx.o
 .debug_line    0x0000000000004084      0x927 ./Drivers/STM32F0xx_HAL_Driver/Src/stm32f0xx_hal.o
 .debug_line    0x00000000000049ab      0x9d3 ./Drivers/STM32F0xx_HAL_Driver/Src/stm32f0xx_hal_cortex.o
 .debug_line    0x000000000000537e      0xaa2 ./Drivers/STM32F0xx_HAL_Driver/Src/stm32f0xx_hal_gpio.o
 .debug_line    0x0000000000005e20      0xd0f ./Drivers/STM32F0xx_HAL_Driver/Src/stm32f0xx_hal_rcc.o
 .debug_line    0x0000000000006b2f     0x1e7b ./Drivers/STM32F0xx_HAL_Driver/Src/stm32f0xx_hal_spi.o

.debug_str      0x0000000000000000    0x6606b
 .debug_str     0x0000000000000000    0x645f4 ./Core/Src/GFX_FUNCTIONS.o
                                      0x648d7 (size before relaxing)
 .debug_str     0x00000000000645f4      0x5ed ./Core/Src/ST7735.o
                                      0x61e39 (size before relaxing)
 .debug_str     0x0000000000064be1       0x51 ./Core/Src/fonts.o
                                       0x3b9e (size before relaxing)
 .debug_str     0x0000000000064c32      0x334 ./Core/Src/main.o
                                      0x61fcd (size before relaxing)
 .debug_str     0x0000000000064f66       0x63 ./Core/Src/stm32f0xx_hal_msp.o
                                      0x61853 (size before relaxing)
 .debug_str     0x0000000000064fc9       0x82 ./Core/Src/stm32f0xx_it.o
                                      0x6139a (size before relaxing)
 .debug_str     0x000000000006504b       0x8b ./Core/Src/system_stm32f0xx.o
                                      0x61347 (size before relaxing)
 .debug_str     0x00000000000650d6       0x36 ./Core/Startup/startup_stm32f051r8tx.o
                                         0x71 (size before relaxing)
 .debug_str     0x000000000006510c      0x4cd ./Drivers/STM32F0xx_HAL_Driver/Src/stm32f0xx_hal.o
                                      0x6190d (size before relaxing)
 .debug_str     0x00000000000655d9      0x1c8 ./Drivers/STM32F0xx_HAL_Driver/Src/stm32f0xx_hal_cortex.o
                                      0x616fe (size before relaxing)
 .debug_str     0x00000000000657a1      0x118 ./Drivers/STM32F0xx_HAL_Driver/Src/stm32f0xx_hal_gpio.o
                                      0x614e8 (size before relaxing)
 .debug_str     0x00000000000658b9      0x21a ./Drivers/STM32F0xx_HAL_Driver/Src/stm32f0xx_hal_rcc.o
                                      0x61783 (size before relaxing)
 .debug_str     0x0000000000065ad3      0x598 ./Drivers/STM32F0xx_HAL_Driver/Src/stm32f0xx_hal_spi.o
                                      0x61cb7 (size before relaxing)

.comment        0x0000000000000000       0x50
 .comment       0x0000000000000000       0x50 ./Core/Src/GFX_FUNCTIONS.o
                                         0x51 (size before relaxing)
 .comment       0x0000000000000050       0x51 ./Core/Src/ST7735.o
 .comment       0x0000000000000050       0x51 ./Core/Src/fonts.o
 .comment       0x0000000000000050       0x51 ./Core/Src/main.o
 .comment       0x0000000000000050       0x51 ./Core/Src/stm32f0xx_hal_msp.o
 .comment       0x0000000000000050       0x51 ./Core/Src/stm32f0xx_it.o
 .comment       0x0000000000000050       0x51 ./Core/Src/system_stm32f0xx.o
 .comment       0x0000000000000050       0x51 ./Drivers/STM32F0xx_HAL_Driver/Src/stm32f0xx_hal.o
 .comment       0x0000000000000050       0x51 ./Drivers/STM32F0xx_HAL_Driver/Src/stm32f0xx_hal_cortex.o
 .comment       0x0000000000000050       0x51 ./Drivers/STM32F0xx_HAL_Driver/Src/stm32f0xx_hal_gpio.o
 .comment       0x0000000000000050       0x51 ./Drivers/STM32F0xx_HAL_Driver/Src/stm32f0xx_hal_rcc.o
 .comment       0x0000000000000050       0x51 ./Drivers/STM32F0xx_HAL_Driver/Src/stm32f0xx_hal_spi.o

.debug_frame    0x0000000000000000     0x1764
 .debug_frame   0x0000000000000000      0x400 ./Core/Src/GFX_FUNCTIONS.o
 .debug_frame   0x0000000000000400      0x1fc ./Core/Src/ST7735.o
 .debug_frame   0x00000000000005fc       0xa8 ./Core/Src/main.o
 .debug_frame   0x00000000000006a4       0x70 ./Core/Src/stm32f0xx_hal_msp.o
 .debug_frame   0x0000000000000714       0x9c ./Core/Src/stm32f0xx_it.o
 .debug_frame   0x00000000000007b0       0x4c ./Core/Src/system_stm32f0xx.o
 .debug_frame   0x00000000000007fc      0x2a4 ./Drivers/STM32F0xx_HAL_Driver/Src/stm32f0xx_hal.o
 .debug_frame   0x0000000000000aa0      0x2a0 ./Drivers/STM32F0xx_HAL_Driver/Src/stm32f0xx_hal_cortex.o
 .debug_frame   0x0000000000000d40      0x110 ./Drivers/STM32F0xx_HAL_Driver/Src/stm32f0xx_hal_gpio.o
 .debug_frame   0x0000000000000e50      0x198 ./Drivers/STM32F0xx_HAL_Driver/Src/stm32f0xx_hal_rcc.o
 .debug_frame   0x0000000000000fe8      0x710 ./Drivers/STM32F0xx_HAL_Driver/Src/stm32f0xx_hal_spi.o
 .debug_frame   0x00000000000016f8       0x2c c:/st/stm32cubeide_1.12.1/stm32cubeide/plugins/com.st.stm32cube.ide.mcu.externaltools.gnu-tools-for-stm32.10.3-2021.10.win32_1.0.200.202301161003/tools/bin/../lib/gcc/arm-none-eabi/10.3.1/../../../../arm-none-eabi/lib/thumb/v6-m/nofp\libc_nano.a(lib_a-init.o)
 .debug_frame   0x0000000000001724       0x20 c:/st/stm32cubeide_1.12.1/stm32cubeide/plugins/com.st.stm32cube.ide.mcu.externaltools.gnu-tools-for-stm32.10.3-2021.10.win32_1.0.200.202301161003/tools/bin/../lib/gcc/arm-none-eabi/10.3.1/../../../../arm-none-eabi/lib/thumb/v6-m/nofp\libc_nano.a(lib_a-memset.o)
 .debug_frame   0x0000000000001744       0x20 c:/st/stm32cubeide_1.12.1/stm32cubeide/plugins/com.st.stm32cube.ide.mcu.externaltools.gnu-tools-for-stm32.10.3-2021.10.win32_1.0.200.202301161003/tools/bin/../lib/gcc/arm-none-eabi/10.3.1/thumb/v6-m/nofp\libgcc.a(_udivsi3.o)
